Exporter version: 5.6.3, Blender version: 2.79 (sub 0)
========= Conversion from Blender to Babylon.js =========
	Scene settings used :
		export scope        :  ALL
		inline textures     :  false
		Positions Precision :  4
		Normals Precision   :  3
		UVs Precision       :  3
		Vert Color Precision:  3
		Mat Weight Precision:  2
		texture directory   :  /Users/vthome/projects/courseware/app/bin/res/assets/3d/babylon/scenes/steering_gear/
	Python World class constructor completed
	processing begun of mesh:  ground
		processing begun of Standard material:  Material.002
		num positions      :  4
		num normals        :  4
		num uvs            :  0
		num uvs2           :  0
		num colors         :  0
		num indices        :  6
	processing begun of mesh:  cube
		processing begun of Standard material:  Material.001
		num positions      :  24
		num normals        :  24
		num uvs            :  0
		num uvs2           :  0
		num colors         :  0
		num indices        :  36
	processing begun of camera (UniversalCamera):  Camera
	processing begun of light (AREA):  Lamp
========= Writing of scene file started =========
========= Writing of scene file completed =========
========= end of processing =========
elapsed time:  0 min, 0.0022 secs
